// Jest Snapshot v1, https://goo.gl/fbAQLP

exports[`should render ExpenseList with empty expenses 1`] = `
<div>
  <p>
    No expenses
  </p>
</div>
`;

exports[`should render ExpenseList with expenses 1`] = `
<div>
  <ExpenseListItem
    amount={10}
    createdAt={0}
    description="abc"
    id="0"
    key="0"
    note="now"
  />
  <ExpenseListItem
    amount={22}
    createdAt={-345600000}
    description="bcd"
    id="1"
    key="1"
    note="before"
  />
  <ExpenseListItem
    amount={300}
    createdAt={345600000}
    description="cde"
    id="2"
    key="2"
    note="after"
  />
</div>
`;
